python: can't open file 'assign_var.clx': [Errno 2] No such file or directory
