python: can't open file 'comment.clx': [Errno 2] No such file or directory
