python: can't open file 'for.clx': [Errno 2] No such file or directory
