python: can't open file 'hello_world.clx': [Errno 2] No such file or directory
