python: can't open file 'if.clx': [Errno 2] No such file or directory
