python: can't open file 'ifelse.clx': [Errno 2] No such file or directory
