python: can't open file 'math.clx': [Errno 2] No such file or directory
