python: can't open file 'return.clx': [Errno 2] No such file or directory
