python: can't open file 'type_check_one.clx': [Errno 2] No such file or directory
