python: can't open file 'while.clx': [Errno 2] No such file or directory
