Traceback (most recent call last):
  File "While/while.clx", line 6, in <module>
    setServer("server")
NameError: name 'setServer' is not defined
