Traceback (most recent call last):
  File "If/if.clx", line 6, in <module>
    setServer("server")
NameError: name 'setServer' is not defined
