Traceback (most recent call last):
  File "IfElse/ifelse.clx", line 3, in <module>
    import coral_backend
ImportError: No module named coral_backend
