Traceback (most recent call last):
  File "File/file.clx", line 6, in <module>
    setServer("")
NameError: name 'setServer' is not defined
