Traceback (most recent call last):
  File "HelloWorld/hello_world.clx", line 6, in <module>
    setServer("server")
NameError: name 'setServer' is not defined
